mode: set
github.com/wold9168/k8s-cross-cluster/lib/k8sclient/check_permissions.go:14.109,16.96 1 1
github.com/wold9168/k8s-cross-cluster/lib/k8sclient/check_permissions.go:16.96,18.3 1 1
github.com/wold9168/k8s-cross-cluster/lib/k8sclient/check_permissions.go:19.2,19.97 1 0
github.com/wold9168/k8s-cross-cluster/lib/k8sclient/check_permissions.go:19.97,21.3 1 0
github.com/wold9168/k8s-cross-cluster/lib/k8sclient/check_permissions.go:24.2,24.99 1 0
github.com/wold9168/k8s-cross-cluster/lib/k8sclient/check_permissions.go:24.99,26.3 1 0
github.com/wold9168/k8s-cross-cluster/lib/k8sclient/check_permissions.go:27.2,27.99 1 0
github.com/wold9168/k8s-cross-cluster/lib/k8sclient/check_permissions.go:27.99,29.3 1 0
github.com/wold9168/k8s-cross-cluster/lib/k8sclient/check_permissions.go:31.2,31.12 1 0
github.com/wold9168/k8s-cross-cluster/lib/k8sclient/check_permissions.go:35.107,37.95 1 1
github.com/wold9168/k8s-cross-cluster/lib/k8sclient/check_permissions.go:37.95,39.3 1 1
github.com/wold9168/k8s-cross-cluster/lib/k8sclient/check_permissions.go:41.2,41.12 1 0
github.com/wold9168/k8s-cross-cluster/lib/k8sclient/check_permissions.go:45.103,47.90 1 1
github.com/wold9168/k8s-cross-cluster/lib/k8sclient/check_permissions.go:47.90,49.3 1 1
github.com/wold9168/k8s-cross-cluster/lib/k8sclient/check_permissions.go:51.2,51.12 1 0
github.com/wold9168/k8s-cross-cluster/lib/k8sclient/check_permissions.go:55.123,68.16 3 1
github.com/wold9168/k8s-cross-cluster/lib/k8sclient/check_permissions.go:68.16,70.3 1 0
github.com/wold9168/k8s-cross-cluster/lib/k8sclient/check_permissions.go:72.2,72.30 1 1
github.com/wold9168/k8s-cross-cluster/lib/k8sclient/check_permissions.go:72.30,74.3 1 1
github.com/wold9168/k8s-cross-cluster/lib/k8sclient/check_permissions.go:76.2,77.12 2 0
github.com/wold9168/k8s-cross-cluster/lib/k8sclient/get_config.go:14.51,18.25 3 1
github.com/wold9168/k8s-cross-cluster/lib/k8sclient/get_config.go:18.25,21.29 3 1
github.com/wold9168/k8s-cross-cluster/lib/k8sclient/get_config.go:21.29,24.4 2 0
github.com/wold9168/k8s-cross-cluster/lib/k8sclient/get_config.go:26.2,27.8 2 1
github.com/wold9168/k8s-cross-cluster/lib/k8sclient/get_config.go:30.49,32.2 1 1
github.com/wold9168/k8s-cross-cluster/lib/k8sclient/get_config.go:34.52,36.43 2 1
github.com/wold9168/k8s-cross-cluster/lib/k8sclient/get_config.go:36.43,38.3 1 1
github.com/wold9168/k8s-cross-cluster/lib/k8sclient/get_config.go:38.8,40.3 1 0
github.com/wold9168/k8s-cross-cluster/lib/k8sclient/get_config.go:41.2,43.67 2 1
github.com/wold9168/k8s-cross-cluster/lib/k8sclient/get_configmap.go:14.119,17.22 2 1
github.com/wold9168/k8s-cross-cluster/lib/k8sclient/get_configmap.go:17.22,19.17 2 1
github.com/wold9168/k8s-cross-cluster/lib/k8sclient/get_configmap.go:19.17,22.4 2 0
github.com/wold9168/k8s-cross-cluster/lib/k8sclient/get_configmap.go:22.9,24.4 1 1
github.com/wold9168/k8s-cross-cluster/lib/k8sclient/get_configmap.go:25.8,27.3 1 1
github.com/wold9168/k8s-cross-cluster/lib/k8sclient/get_configmap.go:30.2,33.28 2 1
github.com/wold9168/k8s-cross-cluster/lib/k8sclient/get_configmap.go:33.28,36.3 2 0
github.com/wold9168/k8s-cross-cluster/lib/k8sclient/get_configmap.go:36.8,36.73 1 1
github.com/wold9168/k8s-cross-cluster/lib/k8sclient/get_configmap.go:36.73,40.3 2 0
github.com/wold9168/k8s-cross-cluster/lib/k8sclient/get_configmap.go:40.8,40.23 1 1
github.com/wold9168/k8s-cross-cluster/lib/k8sclient/get_configmap.go:40.23,44.3 2 0
github.com/wold9168/k8s-cross-cluster/lib/k8sclient/get_configmap.go:44.8,48.3 2 1
github.com/wold9168/k8s-cross-cluster/lib/k8sclient/get_namespace.go:16.44,19.21 2 1
github.com/wold9168/k8s-cross-cluster/lib/k8sclient/get_namespace.go:19.21,21.3 1 1
github.com/wold9168/k8s-cross-cluster/lib/k8sclient/get_namespace.go:25.2,26.16 2 0
github.com/wold9168/k8s-cross-cluster/lib/k8sclient/get_namespace.go:26.16,28.64 2 0
github.com/wold9168/k8s-cross-cluster/lib/k8sclient/get_namespace.go:28.64,30.4 1 0
github.com/wold9168/k8s-cross-cluster/lib/k8sclient/get_namespace.go:31.3,31.24 1 0
github.com/wold9168/k8s-cross-cluster/lib/k8sclient/get_namespace.go:35.2,36.16 2 0
github.com/wold9168/k8s-cross-cluster/lib/k8sclient/get_namespace.go:36.16,38.3 1 0
github.com/wold9168/k8s-cross-cluster/lib/k8sclient/get_namespace.go:41.2,41.23 1 0
github.com/wold9168/k8s-cross-cluster/lib/k8sclient/get_namespace.go:45.51,50.59 2 0
github.com/wold9168/k8s-cross-cluster/lib/k8sclient/get_namespace.go:50.59,52.3 1 0
github.com/wold9168/k8s-cross-cluster/lib/k8sclient/get_namespace.go:55.2,59.16 2 0
github.com/wold9168/k8s-cross-cluster/lib/k8sclient/get_namespace.go:59.16,61.3 1 0
github.com/wold9168/k8s-cross-cluster/lib/k8sclient/get_namespace.go:64.2,65.26 2 0
github.com/wold9168/k8s-cross-cluster/lib/k8sclient/get_namespace.go:65.26,67.3 1 0
github.com/wold9168/k8s-cross-cluster/lib/k8sclient/get_namespace.go:70.2,71.20 2 0
github.com/wold9168/k8s-cross-cluster/lib/k8sclient/get_namespace.go:71.20,73.3 1 0
github.com/wold9168/k8s-cross-cluster/lib/k8sclient/get_namespace.go:75.2,75.29 1 0
github.com/wold9168/k8s-cross-cluster/lib/k8sclient/get_namespace.go:75.29,77.3 1 0
github.com/wold9168/k8s-cross-cluster/lib/k8sclient/get_namespace.go:79.2,79.31 1 0
github.com/wold9168/k8s-cross-cluster/lib/k8sclient/get_namespace.go:83.62,84.22 1 1
github.com/wold9168/k8s-cross-cluster/lib/k8sclient/get_namespace.go:84.22,86.3 1 1
github.com/wold9168/k8s-cross-cluster/lib/k8sclient/get_namespace.go:87.2,88.11 2 0
github.com/wold9168/k8s-cross-cluster/lib/k8sclient/get_pod_ip.go:20.70,26.28 4 1
github.com/wold9168/k8s-cross-cluster/lib/k8sclient/get_pod_ip.go:26.28,29.3 2 1
github.com/wold9168/k8s-cross-cluster/lib/k8sclient/get_pod_ip.go:30.2,34.14 3 1
github.com/wold9168/k8s-cross-cluster/lib/k8sclient/get_pod_ip.go:34.14,37.3 2 1
github.com/wold9168/k8s-cross-cluster/lib/k8sclient/get_pod_ip.go:40.2,41.28 2 1
github.com/wold9168/k8s-cross-cluster/lib/k8sclient/get_pod_ip.go:41.28,44.3 2 1
github.com/wold9168/k8s-cross-cluster/lib/k8sclient/get_pod_ip.go:46.2,46.73 1 0
github.com/wold9168/k8s-cross-cluster/lib/k8sclient/get_pod_ip.go:50.73,53.19 2 1
github.com/wold9168/k8s-cross-cluster/lib/k8sclient/get_pod_ip.go:53.19,56.20 2 1
github.com/wold9168/k8s-cross-cluster/lib/k8sclient/get_pod_ip.go:56.20,58.4 1 1
github.com/wold9168/k8s-cross-cluster/lib/k8sclient/get_pod_ip.go:62.2,63.16 2 1
github.com/wold9168/k8s-cross-cluster/lib/k8sclient/get_pod_ip.go:63.16,65.3 1 0
github.com/wold9168/k8s-cross-cluster/lib/k8sclient/get_pod_ip.go:68.2,69.16 2 1
github.com/wold9168/k8s-cross-cluster/lib/k8sclient/get_pod_ip.go:69.16,71.3 1 1
github.com/wold9168/k8s-cross-cluster/lib/k8sclient/get_pod_ip.go:73.2,73.28 1 1
github.com/wold9168/k8s-cross-cluster/lib/k8sclient/get_pod_ip.go:73.28,75.3 1 1
github.com/wold9168/k8s-cross-cluster/lib/k8sclient/get_pod_ip.go:77.2,77.30 1 1
github.com/wold9168/k8s-cross-cluster/lib/k8sclient/get_pod_ip.go:82.45,84.16 2 1
github.com/wold9168/k8s-cross-cluster/lib/k8sclient/get_pod_ip.go:84.16,86.3 1 0
github.com/wold9168/k8s-cross-cluster/lib/k8sclient/get_pod_ip.go:88.2,91.29 3 1
github.com/wold9168/k8s-cross-cluster/lib/k8sclient/get_pod_ip.go:91.29,92.41 1 1
github.com/wold9168/k8s-cross-cluster/lib/k8sclient/get_pod_ip.go:92.41,97.12 1 0
github.com/wold9168/k8s-cross-cluster/lib/k8sclient/get_pod_ip.go:101.2,101.64 1 1
github.com/wold9168/k8s-cross-cluster/lib/k8sclient/get_pod_ip.go:106.35,108.16 2 1
github.com/wold9168/k8s-cross-cluster/lib/k8sclient/get_pod_ip.go:108.16,110.3 1 0
github.com/wold9168/k8s-cross-cluster/lib/k8sclient/get_pod_ip.go:112.2,112.35 1 1
github.com/wold9168/k8s-cross-cluster/lib/k8sclient/get_pod_ip.go:112.35,114.71 1 1
github.com/wold9168/k8s-cross-cluster/lib/k8sclient/get_pod_ip.go:114.71,115.12 1 1
github.com/wold9168/k8s-cross-cluster/lib/k8sclient/get_pod_ip.go:118.3,119.17 2 1
github.com/wold9168/k8s-cross-cluster/lib/k8sclient/get_pod_ip.go:119.17,120.12 1 0
github.com/wold9168/k8s-cross-cluster/lib/k8sclient/get_pod_ip.go:123.3,123.30 1 1
github.com/wold9168/k8s-cross-cluster/lib/k8sclient/get_pod_ip.go:123.30,125.28 2 1
github.com/wold9168/k8s-cross-cluster/lib/k8sclient/get_pod_ip.go:126.20,127.14 1 1
github.com/wold9168/k8s-cross-cluster/lib/k8sclient/get_pod_ip.go:128.21,129.14 1 0
github.com/wold9168/k8s-cross-cluster/lib/k8sclient/get_pod_ip.go:133.4,133.55 1 1
github.com/wold9168/k8s-cross-cluster/lib/k8sclient/get_pod_ip.go:133.55,134.13 1 0
github.com/wold9168/k8s-cross-cluster/lib/k8sclient/get_pod_ip.go:137.4,137.27 1 1
github.com/wold9168/k8s-cross-cluster/lib/k8sclient/get_pod_ip.go:141.2,141.55 1 0
github.com/wold9168/k8s-cross-cluster/lib/k8sclient/get_service.go:14.115,17.22 2 1
github.com/wold9168/k8s-cross-cluster/lib/k8sclient/get_service.go:17.22,19.17 2 1
github.com/wold9168/k8s-cross-cluster/lib/k8sclient/get_service.go:19.17,22.4 2 0
github.com/wold9168/k8s-cross-cluster/lib/k8sclient/get_service.go:22.9,24.4 1 1
github.com/wold9168/k8s-cross-cluster/lib/k8sclient/get_service.go:25.8,27.3 1 1
github.com/wold9168/k8s-cross-cluster/lib/k8sclient/get_service.go:30.2,33.28 2 1
github.com/wold9168/k8s-cross-cluster/lib/k8sclient/get_service.go:33.28,36.3 2 0
github.com/wold9168/k8s-cross-cluster/lib/k8sclient/get_service.go:36.8,36.73 1 1
github.com/wold9168/k8s-cross-cluster/lib/k8sclient/get_service.go:36.73,40.3 2 0
github.com/wold9168/k8s-cross-cluster/lib/k8sclient/get_service.go:40.8,40.23 1 1
github.com/wold9168/k8s-cross-cluster/lib/k8sclient/get_service.go:40.23,44.3 2 0
github.com/wold9168/k8s-cross-cluster/lib/k8sclient/get_service.go:44.8,48.3 2 1
github.com/wold9168/k8s-cross-cluster/lib/k8sclient/update_configmap.go:20.168,21.28 1 1
github.com/wold9168/k8s-cross-cluster/lib/k8sclient/update_configmap.go:21.28,23.3 1 1
github.com/wold9168/k8s-cross-cluster/lib/k8sclient/update_configmap.go:24.2,27.16 3 1
github.com/wold9168/k8s-cross-cluster/lib/k8sclient/update_configmap.go:27.16,30.3 2 0
github.com/wold9168/k8s-cross-cluster/lib/k8sclient/update_configmap.go:31.2,32.12 2 1
github.com/wold9168/k8s-cross-cluster/lib/k8sclient/update_configmap.go:36.145,47.16 3 1
github.com/wold9168/k8s-cross-cluster/lib/k8sclient/update_configmap.go:47.16,50.3 2 0
github.com/wold9168/k8s-cross-cluster/lib/k8sclient/update_configmap.go:51.2,52.12 2 1
github.com/wold9168/k8s-cross-cluster/lib/k8sclient/update_configmap.go:56.134,63.16 5 1
github.com/wold9168/k8s-cross-cluster/lib/k8sclient/update_configmap.go:63.16,65.3 1 1
github.com/wold9168/k8s-cross-cluster/lib/k8sclient/update_configmap.go:65.8,65.35 1 1
github.com/wold9168/k8s-cross-cluster/lib/k8sclient/update_configmap.go:65.35,67.3 1 1
github.com/wold9168/k8s-cross-cluster/lib/k8sclient/update_configmap.go:67.8,70.3 2 0
github.com/wold9168/k8s-cross-cluster/lib/k8sclient/update_configmap.go:74.112,76.2 1 1
